Microchip MPLAB XC8 Compiler V3.00

Linker command line:

-W-3 \
  --edf=C:/Program Files/Microchip/MPLABX/v6.25/packs/Microchip/PIC18F-Q_DFP/1.27.449/xc8\pic\dat\20250204174324_en.msgs \
  -cn -h+dist/default/debug\L3_PIC18F45Q10_Testbench.X.debug.sym \
  --cmf=dist/default/debug\L3_PIC18F45Q10_Testbench.X.debug.cmf -z \
  -Q18F45Q10 -oC:\Users\SHANT_~1\AppData\Local\Temp\xcAsi8g.\driver_tmp_3.o \
  --defsym=__MPLAB_BUILD=1 --fixupoverflow=error \
  -Mdist/default/debug/L3_PIC18F45Q10_Testbench.X.debug.map \
  --md=C:\Users\SHANT_~1\AppData\Local\Temp\xcAsi8g.\driver_tmp_0.dat -E1 \
  -ver=XC8 Compiler -ACODE=00h-07FFFh -ACONST=00h-07FFFh \
  -ASMALLCONST=0900h-09FFhx119 -AMEDIUMCONST=0900h-07FFFh -ACOMRAM=01h-05Fh \
  -AABS1=00h-07FFh -ABIGRAM=01h-07FFh -ARAM=060h-0FFh,0100h-01FFhx7 \
  -ABANK0=060h-0FFh -ABANK1=0100h-01FFh -ABANK2=0200h-02FFh \
  -ABANK3=0300h-03FFh -ABANK4=0400h-04FFh -ABANK5=0500h-05FFh \
  -ABANK6=0600h-06FFh -ABANK7=0700h-07FFh \
  -ASFR=0800h-08FFh,0E1Fh-0EFFh,0F00h-0F5Fh,0F60h-0FFFh \
  -ABIGSFR=0800h-08FFh,0E1Fh-0FFFh -ACONFIG=0300000h-030000Bh \
  -AIDLOC=0200000h-02000FFh -AEEDATA=0310000h-03100FFh -peeprom_data=EEDATA \
  -preset_vec=00h,intcode=8h,intcodelo=18h,sivt_lo,sivt_hi=CODE \
  -ppowerup=CODE,init -pramtop=0900h -psmallconst=SMALLCONST \
  -pmediumconst=MEDIUMCONST -pconst=CONST -AFARRAM=00h-00h \
  -prdata=COMRAM,nvrram=COMRAM,nvbit=COMRAM,rbss=COMRAM,rbit=COMRAM \
  -pfarbss=FARRAM,fardata=FARRAM,nvFARRAM=FARRAM \
  -pintsave_regs=BIGRAM,bigbss=BIGRAM,bigdata=BIGRAM -pbss=RAM \
  -pidata=CODE,irdata=CODE,ibigdata=CODE,ifardata=CODE -prparam=COMRAM \
  C:\Users\SHANT_~1\AppData\Local\Temp\xcAsi8g.\driver_tmp_9.o \
  dist/default/debug\L3_PIC18F45Q10_Testbench.X.debug.o 

Object code version is 3.11

Machine type is 18F45Q10



                Name                               Link     Load   Length Selector   Space Scale
C:\Users\SHANT_~1\AppData\Local\Temp\xcAsi8g.\driver_tmp_9.o
                config                           300000   300000        C        0       4
                init                                 4E       4E        4        4       0
                reset_vec                             0        0        4        0       0
dist/default/debug\L3_PIC18F45Q10_Testbench.X.debug.o
                intcode                               8        8       46        4       0
                config                           300000   300000        C        0       4
                temp                                 10       10        1        1       1
                smallconst                          900      900        2      480       0
                text14                              AD4      AD4        6      481       0
                text13                              ADE      ADE        2      481       0
                text12                              A28      A28       32      481       0
                text10                              A9C      A9C       10      481       0
                text9                               ACA      ACA        A      481       0
                text8                               AC0      AC0        A      481       0
                text7                               AB6      AB6        A      481       0
                text6                               9EE      9EE       3A      481       0
                text5                               980      980       6E      481       0
                text4                               A5A      A5A       20      481       0
                text3                               A7A      A7A       12      481       0
                text2                               AAC      AAC        A      481       0
                text1                               ADA      ADA        4      481       0
                text0                               902      902       7E      481       0
                cstackCOMRAM                          9        9        6        1       1
                bssCOMRAM                             F        F        1        1       1
                cinit                               A8C      A8C       10      481       0
                nvCOMRAM                              1        1        8        1       1

TOTAL           Name                               Link     Load   Length     Space
        CLASS   CODE           
                intcode                               8        8       46         0
                init                                 4E       4E        4         0
                reset_vec                             0        0        4         0
                text14                              AD4      AD4        6         0
                text13                              ADE      ADE        2         0
                text12                              A28      A28       32         0
                text10                              A9C      A9C       10         0
                text9                               ACA      ACA        A         0
                text8                               AC0      AC0        A         0
                text7                               AB6      AB6        A         0
                text6                               9EE      9EE       3A         0
                text5                               980      980       6E         0
                text4                               A5A      A5A       20         0
                text3                               A7A      A7A       12         0
                text2                               AAC      AAC        A         0
                text1                               ADA      ADA        4         0
                text0                               902      902       7E         0
                cinit                               A8C      A8C       10         0

        CLASS   CONST          

        CLASS   SMALLCONST     
                smallconst                          900      900        2         0

        CLASS   MEDIUMCONST    

        CLASS   COMRAM         
                temp                                 10       10        1         1
                cstackCOMRAM                          9        9        6         1
                bssCOMRAM                             F        F        1         1
                nvCOMRAM                              1        1        8         1

        CLASS   ABS1           

        CLASS   BIGRAM         

        CLASS   RAM            

        CLASS   BANK0          

        CLASS   BANK1          

        CLASS   BANK2          

        CLASS   BANK3          

        CLASS   BANK4          

        CLASS   BANK5          

        CLASS   BANK6          

        CLASS   BANK7          

        CLASS   SFR            

        CLASS   BIGSFR         

        CLASS   CONFIG         
                config                           300000   300000        C         4

        CLASS   IDLOC          

        CLASS   EEDATA         

        CLASS   FARRAM         

        CLASS   HEAP           

        CLASS   STACK          



SEGMENTS        Name                           Load    Length   Top    Selector   Space  Class

                reset_vec                      000000  000004  000004         0       0  CODE    
                nvCOMRAM                       000001  000010  000011         1       1  COMRAM  
                intcode                        000008  00004A  000052         4       0  CODE    
                smallconst                     000900  000002  000902       480       0  SMALLCON
                text0                          000902  0001DE  000AE0       481       0  CODE    


UNUSED ADDRESS RANGES

        Name                Unused          Largest block    Delta
        BANK0            000060-0000FF               A0
        BANK1            000100-0001FF              100
        BANK2            000200-0002FF              100
        BANK3            000300-0003FF              100
        BANK4            000400-0004FF              100
        BANK5            000500-0005FF              100
        BANK6            000600-0006FF              100
        BANK7            000700-0007FF              100
        BIGRAM           000011-0007FF              7EF
        BIGSFR           000800-0008FF              100
                         000E1F-000FFF              1E1
        CODE             000004-000007                4
                         000052-0008FF              8AE
                         000AE0-007FFF             7520
        COMRAM           000011-00005F               4F
        CONST            000004-000007                4
                         000052-0008FF              8AE
                         000AE0-007FFF             7520
        EEDATA           310000-3100FF              100
        IDLOC            200000-2000FF              100
        MEDIUMCONST      000AE0-007FFF             7520
        RAM              000060-0007FF              100
        SFR              000800-0008FF              100
                         000E1F-000FFF               E1
        SMALLCONST       000AE0-007FFF              100

                                  Symbol Table

INT0_SetInterruptHandler@InterruptHandler        cstackCOMRAM 00000B
INT1_SetInterruptHandler@InterruptHandler        cstackCOMRAM 00000B
INT2_SetInterruptHandler@InterruptHandler        cstackCOMRAM 00000B
TMR2_PeriodMatchCallbackRegister@callbackHandler cstackCOMRAM 00000B
_ANSELA                                          (abs)        000F0C
_ANSELB                                          (abs)        000F14
_ANSELC                                          (abs)        000F1C
_ANSELD                                          (abs)        000F21
_ANSELE                                          (abs)        000F29
_CLOCK_Initialize                                text10       000A9C
_INLVLA                                          (abs)        000F08
_INLVLB                                          (abs)        000F10
_INLVLC                                          (abs)        000F18
_INLVLD                                          (abs)        000F1D
_INLVLE                                          (abs)        000F25
_INT0_DefaultInterruptHandler                    (abs)        000000
_INT0_InterruptHandler                           nvCOMRAM     000007
_INT0_SetInterruptHandler                        text9        000ACA
_INT1_DefaultInterruptHandler                    (abs)        000000
_INT1_InterruptHandler                           nvCOMRAM     000005
_INT1_SetInterruptHandler                        text8        000AC0
_INT2_DefaultInterruptHandler                    (abs)        000000
_INT2_InterruptHandler                           nvCOMRAM     000003
_INT2_SetInterruptHandler                        text7        000AB6
_INTCONbits                                      (abs)        000FF2
_INTERRUPT_Initialize                            text6        0009EE
_INTERRUPT_InterruptManager                      intcode      000008
_IOCAF                                           (abs)        000F05
_IOCAN                                           (abs)        000F06
_IOCAP                                           (abs)        000F07
_IOCBF                                           (abs)        000F0D
_IOCBN                                           (abs)        000F0E
_IOCBP                                           (abs)        000F0F
_IOCCF                                           (abs)        000F15
_IOCCN                                           (abs)        000F16
_IOCCP                                           (abs)        000F17
_IOCEF                                           (abs)        000F22
_IOCEN                                           (abs)        000F23
_IOCEP                                           (abs)        000F24
_LATA                                            (abs)        000F82
_LATAbits                                        (abs)        000F82
_LATB                                            (abs)        000F83
_LATC                                            (abs)        000F84
_LATD                                            (abs)        000F85
_LATE                                            (abs)        000F86
_ODCONA                                          (abs)        000F0A
_ODCONB                                          (abs)        000F12
_ODCONC                                          (abs)        000F1A
_ODCOND                                          (abs)        000F1F
_ODCONE                                          (abs)        000F27
_OSCCON1                                         (abs)        000ED3
_OSCCON3                                         (abs)        000ED5
_OSCEN                                           (abs)        000ED7
_OSCFRQ                                          (abs)        000ED9
_OSCTUNE                                         (abs)        000ED8
_PIE4bits                                        (abs)        000EC1
_PIN_MANAGER_Initialize                          text5        000980
_PIR0bits                                        (abs)        000EC5
_PIR4bits                                        (abs)        000EC9
_SLRCONA                                         (abs)        000F09
_SLRCONB                                         (abs)        000F11
_SLRCONC                                         (abs)        000F19
_SLRCOND                                         (abs)        000F1E
_SLRCONE                                         (abs)        000F26
_SYSTEM_Initialize                               text3        000A7A
_T2CLKCON                                        (abs)        000FBE
_T2CON                                           (abs)        000FBC
_T2CONbits                                       (abs)        000FBC
_T2HLT                                           (abs)        000FBD
_T2HLTbits                                       (abs)        000FBD
_T2PR                                            (abs)        000FBB
_T2RST                                           (abs)        000FBF
_T2RSTbits                                       (abs)        000FBF
_T2TMR                                           (abs)        000FBA
_TMR2_DefaultPeriodMatchCallback                 text13       000ADE
_TMR2_ISR                                        text12       000A28
_TMR2_Initialize                                 text4        000A5A
_TMR2_PeriodMatchCallback                        nvCOMRAM     000001
_TMR2_PeriodMatchCallbackRegister                text2        000AAC
_TMR2_Start                                      text1        000ADA
_TRISA                                           (abs)        000F87
_TRISB                                           (abs)        000F88
_TRISC                                           (abs)        000F89
_TRISD                                           (abs)        000F8A
_TRISE                                           (abs)        000F8B
_WPUA                                            (abs)        000F0B
_WPUB                                            (abs)        000F13
_WPUC                                            (abs)        000F1B
_WPUD                                            (abs)        000F20
_WPUE                                            (abs)        000F28
__HRAM                                           (abs)        000000
__H__absolute__                                  __absolute__ 000000
__Habs1                                          abs1         000000
__Hbank0                                         bank0        000000
__Hbank1                                         bank1        000000
__Hbank2                                         bank2        000000
__Hbank3                                         bank3        000000
__Hbank4                                         bank4        000000
__Hbank5                                         bank5        000000
__Hbank6                                         bank6        000000
__Hbank7                                         bank7        000000
__Hbigbss                                        bigbss       000000
__Hbigdata                                       bigdata      000000
__Hbigram                                        bigram       000000
__Hbigsfr                                        bigsfr       000000
__Hbss                                           bss          000000
__HbssCOMRAM                                     bssCOMRAM    000000
__Hcinit                                         cinit        000000
__Hclrtext                                       clrtext      000000
__Hcomram                                        comram       000000
__Hconfig                                        config       30000C
__Hconst                                         const        000000
__HcstackCOMRAM                                  cstackCOMRAM 000000
__Hdata                                          data         000000
__Heeprom_data                                   eeprom_data  000000
__Hfarbss                                        farbss       000000
__Hfardata                                       fardata      000000
__Hheap                                          heap         000000
__Hibigdata                                      ibigdata     000000
__Hidata                                         idata        000000
__Hidloc                                         idloc        000000
__Hifardata                                      ifardata     000000
__Hinit                                          init         000052
__Hintcode                                       intcode      00004E
__Hintcode_body                                  intcode_body 000000
__Hintcodelo                                     intcodelo    000018
__Hintentry                                      intentry     000000
__Hintret                                        intret       000000
__Hintsave_regs                                  intsave_regs 000000
__Hirdata                                        irdata       000000
__Hmediumconst                                   mediumconst  000000
__HnvCOMRAM                                      nvCOMRAM     000000
__HnvFARRAM                                      nvFARRAM     000000
__Hnvbit                                         nvbit        000000
__Hnvrram                                        nvrram       000000
__Hparam                                         rparam       000000
__Hpowerup                                       powerup      000000
__Hram                                           ram          000000
__Hramtop                                        ramtop       000900
__Hrbit                                          rbit         000000
__Hrbss                                          rbss         000000
__Hrdata                                         rdata        000000
__Hreset_vec                                     reset_vec    000004
__Hrparam                                        rparam       000000
__Hsfr                                           sfr          000000
__Hsivt_hi                                       sivt_hi      000000
__Hsivt_lo                                       sivt_lo      000018
__Hsmallconst                                    smallconst   000902
__Hspace_0                                       (abs)        000AE0
__Hspace_1                                       (abs)        000011
__Hspace_2                                       (abs)        000000
__Hspace_4                                       (abs)        60000C
__Hstack                                         stack        000000
__Hstruct                                        struct       000000
__Htemp                                          temp         000011
__Htext                                          text         000000
__Htext0                                         text0        000000
__Htext1                                         text1        000000
__Htext10                                        text10       000000
__Htext12                                        text12       000000
__Htext13                                        text13       000000
__Htext14                                        text14       000000
__Htext2                                         text2        000000
__Htext3                                         text3        000000
__Htext4                                         text4        000000
__Htext5                                         text5        000000
__Htext6                                         text6        000000
__Htext7                                         text7        000000
__Htext8                                         text8        000000
__Htext9                                         text9        000000
__LRAM                                           (abs)        000001
__L__absolute__                                  __absolute__ 000000
__Labs1                                          abs1         000000
__Lbank0                                         bank0        000000
__Lbank1                                         bank1        000000
__Lbank2                                         bank2        000000
__Lbank3                                         bank3        000000
__Lbank4                                         bank4        000000
__Lbank5                                         bank5        000000
__Lbank6                                         bank6        000000
__Lbank7                                         bank7        000000
__Lbigbss                                        bigbss       000000
__Lbigdata                                       bigdata      000000
__Lbigram                                        bigram       000000
__Lbigsfr                                        bigsfr       000000
__Lbss                                           bss          000000
__LbssCOMRAM                                     bssCOMRAM    000000
__Lcinit                                         cinit        000000
__Lclrtext                                       clrtext      000000
__Lcomram                                        comram       000000
__Lconfig                                        config       000000
__Lconst                                         const        000000
__LcstackCOMRAM                                  cstackCOMRAM 000000
__Ldata                                          data         000000
__Leeprom_data                                   eeprom_data  000000
__Lfarbss                                        farbss       000000
__Lfardata                                       fardata      000000
__Lheap                                          heap         000000
__Libigdata                                      ibigdata     000000
__Lidata                                         idata        000000
__Lidloc                                         idloc        000000
__Lifardata                                      ifardata     000000
__Linit                                          init         00004E
__Lintcode                                       intcode      000008
__Lintcode_body                                  intcode_body 000000
__Lintcodelo                                     intcodelo    000018
__Lintentry                                      intentry     000000
__Lintret                                        intret       000000
__Lintsave_regs                                  intsave_regs 000000
__Lirdata                                        irdata       000000
__Lmediumconst                                   mediumconst  000000
__LnvCOMRAM                                      nvCOMRAM     000000
__LnvFARRAM                                      nvFARRAM     000000
__Lnvbit                                         nvbit        000000
__Lnvrram                                        nvrram       000000
__Lparam                                         rparam       000000
__Lpowerup                                       powerup      000000
__Lram                                           ram          000000
__Lramtop                                        ramtop       000900
__Lrbit                                          rbit         000000
__Lrbss                                          rbss         000000
__Lrdata                                         rdata        000000
__Lreset_vec                                     reset_vec    000000
__Lrparam                                        rparam       000000
__Lsfr                                           sfr          000000
__Lsivt_hi                                       sivt_hi      000000
__Lsivt_lo                                       sivt_lo      000018
__Lsmallconst                                    smallconst   000900
__Lspace_0                                       (abs)        000000
__Lspace_1                                       (abs)        000000
__Lspace_2                                       (abs)        000000
__Lspace_4                                       (abs)        000000
__Lstack                                         stack        000000
__Lstruct                                        struct       000000
__Ltemp                                          temp         000010
__Ltext                                          text         000000
__Ltext0                                         text0        000000
__Ltext1                                         text1        000000
__Ltext10                                        text10       000000
__Ltext12                                        text12       000000
__Ltext13                                        text13       000000
__Ltext14                                        text14       000000
__Ltext2                                         text2        000000
__Ltext3                                         text3        000000
__Ltext4                                         text4        000000
__Ltext5                                         text5        000000
__Ltext6                                         text6        000000
__Ltext7                                         text7        000000
__Ltext8                                         text8        000000
__Ltext9                                         text9        000000
__S0                                             (abs)        000AE0
__S1                                             (abs)        000011
__S4                                             (abs)        000000
__S5                                             (abs)        000000
___heap_hi                                       (abs)        000000
___heap_lo                                       (abs)        000000
___inthi_sp                                      stack        000000
___inthi_stack_hi                                stack        000000
___inthi_stack_lo                                stack        000000
___intlo_sp                                      stack        000000
___intlo_stack_hi                                stack        000000
___intlo_stack_lo                                stack        000000
___param_bank                                    (abs)        000000
___rparam_used                                   (abs)        000001
___sp                                            stack        000000
___stack_hi                                      stack        000000
___stack_lo                                      stack        000000
__accesstop                                      (abs)        000060
__activetblptr                                   (abs)        000002
__end_of_CLOCK_Initialize                        text10       000AAC
__end_of_INT0_SetInterruptHandler                text9        000AD4
__end_of_INT1_SetInterruptHandler                text8        000ACA
__end_of_INT2_SetInterruptHandler                text7        000AC0
__end_of_INTERRUPT_Initialize                    text6        000A28
__end_of_INTERRUPT_InterruptManager              intcode      00004E
__end_of_PIN_MANAGER_Initialize                  text5        0009EE
__end_of_SYSTEM_Initialize                       text3        000A8C
__end_of_TMR2_DefaultPeriodMatchCallback         text13       000AE0
__end_of_TMR2_ISR                                text12       000A5A
__end_of_TMR2_Initialize                         text4        000A7A
__end_of_TMR2_PeriodMatchCallbackRegister        text2        000AB6
__end_of_TMR2_Start                              text1        000ADE
__end_of__initialization                         cinit        000A8E
__end_of_main                                    text0        000980
__end_of_timer_callback                          text14       000ADA
__initialization                                 cinit        000A8C
__mediumconst                                    smallconst   000900
__pbssCOMRAM                                     bssCOMRAM    00000F
__pcinit                                         cinit        000A8C
__pcstackCOMRAM                                  cstackCOMRAM 000009
__pintcode                                       intcode      000008
__pnvCOMRAM                                      nvCOMRAM     000001
__psmallconst                                    smallconst   000900
__ptext0                                         text0        000902
__ptext1                                         text1        000ADA
__ptext10                                        text10       000A9C
__ptext12                                        text12       000A28
__ptext13                                        text13       000ADE
__ptext14                                        text14       000AD4
__ptext2                                         text2        000AAC
__ptext3                                         text3        000A7A
__ptext4                                         text4        000A5A
__ptext5                                         text5        000980
__ptext6                                         text6        0009EE
__ptext7                                         text7        000AB6
__ptext8                                         text8        000AC0
__ptext9                                         text9        000ACA
__ramtop                                         ramtop       000900
__smallconst                                     smallconst   000900
_main                                            text0        000902
_state                                           bssCOMRAM    00000F
_timer_callback                                  text14       000AD4
btemp                                            temp         000010
end_of_initialization                            cinit        000A8E
int$flags                                        temp         000010
intlevel0                                        text         000000
intlevel1                                        text         000000
intlevel2                                        text         000000
intlevel3                                        text         000000
isa$std                                          (abs)        000001
isa$xinst                                        (abs)        000000
stackhi                                          (abs)        000000
stacklo                                          (abs)        000000
start                                            init         00004E
start_initialization                             cinit        000A8C
ttemp5                                           temp         000011
ttemp6                                           temp         000014
ttemp7                                           temp         000018
wtemp8                                           temp         000011


MODULE INFORMATION

Module		Function		Class		Link	Load	Size
mcc_generated_files/system/src/interrupt.c
		_INT0_SetInterruptHandler		CODE           	0ACA	0000	10
		_INT1_SetInterruptHandler		CODE           	0AC0	0000	10
		_INT2_SetInterruptHandler		CODE           	0AB6	0000	10
		_INTERRUPT_Initialize		CODE           	09EE	0000	58
		_INTERRUPT_InterruptManager		CODE           	0008	0000	70

mcc_generated_files/system/src/interrupt.c estimated size: 158

mcc_generated_files/system/src/pins.c
		_PIN_MANAGER_Initialize		CODE           	0980	0000	110

mcc_generated_files/system/src/pins.c estimated size: 110

shared
		__initialization		CODE           	0A8C	0000	2

shared estimated size: 2

mcc_generated_files/timer/src/tmr2.c
		_TMR2_ISR      		CODE           	0A28	0000	50
		_TMR2_Initialize		CODE           	0A5A	0000	32
		_TMR2_PeriodMatchCallbackRegister		CODE           	0AAC	0000	10
		_TMR2_Start    		CODE           	0ADA	0000	4
		_TMR2_DefaultPeriodMatchCallback		CODE           	0ADE	0000	2

mcc_generated_files/timer/src/tmr2.c estimated size: 98

mcc_generated_files/system/src/clock.c
		_CLOCK_Initialize		CODE           	0A9C	0000	16

mcc_generated_files/system/src/clock.c estimated size: 16

main.c
		_main          		CODE           	0902	0000	126
		_timer_callback		CODE           	0AD4	0000	6

main.c estimated size: 132

mcc_generated_files/system/src/system.c
		_SYSTEM_Initialize		CODE           	0A7A	0000	18

mcc_generated_files/system/src/system.c estimated size: 18

